Archive member included because of file (symbol)

D:/ProgDev/CPP/EclipseWS/freeRTOS/FreeRTOS801/Release/libFreeRTOS801.a(heap_4.o)
                              ./main.o (xPortGetFreeHeapSize)
D:/ProgDev/CPP/EclipseWS/freeRTOS/FreeRTOS801/Release/libFreeRTOS801.a(tasks.o)
                              D:/ProgDev/CPP/EclipseWS/freeRTOS/FreeRTOS801/Release/libFreeRTOS801.a(heap_4.o) (vTaskSuspendAll)
D:/ProgDev/CPP/EclipseWS/freeRTOS/FreeRTOS801/Release/libFreeRTOS801.a(port.o)
                              D:/ProgDev/CPP/EclipseWS/freeRTOS/FreeRTOS801/Release/libFreeRTOS801.a(tasks.o) (pxPortInitialiseStack)
D:/ProgDev/CPP/EclipseWS/freeRTOS/FreeRTOS801/Release/libFreeRTOS801.a(system_tick.o)
                              D:/ProgDev/CPP/EclipseWS/freeRTOS/FreeRTOS801/Release/libFreeRTOS801.a(port.o) (system_tick)
D:/ProgDev/CPP/EclipseWS/freeRTOS/FreeRTOS801/Release/libFreeRTOS801.a(system_time.o)
                              D:/ProgDev/CPP/EclipseWS/freeRTOS/FreeRTOS801/Release/libFreeRTOS801.a(system_tick.o) (__system_time)
D:/ProgDev/CPP/EclipseWS/freeRTOS/FreeRTOS801/Release/libFreeRTOS801.a(list.o)
                              D:/ProgDev/CPP/EclipseWS/freeRTOS/FreeRTOS801/Release/libFreeRTOS801.a(tasks.o) (vListInitialise)
D:/ProgDev/CPP/EclipseWS/freeRTOS/FreeRTOS801/Release/libFreeRTOS801.a(runtTimeStatsTimer.o)
                              D:/ProgDev/CPP/EclipseWS/freeRTOS/FreeRTOS801/Release/libFreeRTOS801.a(tasks.o) (xconfigTimerForRunTimeStats)
D:\ProgDev\CPP\EclipseWS\freeRTOS\CEG4166_RTS_Lib\Release\libCEG4166_RTS_Lib.a(usartSerial.o)
                              ./testUSARTModule.o (setDefaultUSART)
c:/eclipse/arduino/hardware/tools/avr/bin/../lib/gcc/avr/4.3.2/avr6\libgcc.a(_udivmodsi4.o)
                              D:/ProgDev/CPP/EclipseWS/freeRTOS/FreeRTOS801/Release/libFreeRTOS801.a(tasks.o) (__udivmodsi4)
c:/eclipse/arduino/hardware/tools/avr/bin/../lib/gcc/avr/4.3.2/avr6\libgcc.a(_prologue.o)
                              ./main.o (__prologue_saves__)
c:/eclipse/arduino/hardware/tools/avr/bin/../lib/gcc/avr/4.3.2/avr6\libgcc.a(_epilogue.o)
                              ./testUSARTModule.o (__epilogue_restores__)
c:/eclipse/arduino/hardware/tools/avr/bin/../lib/gcc/avr/4.3.2/avr6\libgcc.a(_exit.o)
                              c:/eclipse/arduino/hardware/tools/avr/bin/../lib/gcc/avr/4.3.2/../../../../avr/lib/avr6/crtm2560.o (exit)
c:/eclipse/arduino/hardware/tools/avr/bin/../lib/gcc/avr/4.3.2/avr6\libgcc.a(_clear_bss.o)
                              ./main.o (__do_clear_bss)
c:/eclipse/arduino/hardware/tools/avr/bin/../lib/gcc/avr/4.3.2/../../../../avr/lib/avr6\libc.a(strlen_P.o)
                              D:\ProgDev\CPP\EclipseWS\freeRTOS\CEG4166_RTS_Lib\Release\libCEG4166_RTS_Lib.a(usartSerial.o) (strlen_P)
c:/eclipse/arduino/hardware/tools/avr/bin/../lib/gcc/avr/4.3.2/../../../../avr/lib/avr6\libc.a(memset.o)
                              D:/ProgDev/CPP/EclipseWS/freeRTOS/FreeRTOS801/Release/libFreeRTOS801.a(tasks.o) (memset)
c:/eclipse/arduino/hardware/tools/avr/bin/../lib/gcc/avr/4.3.2/../../../../avr/lib/avr6\libc.a(sprintf.o)
                              ./testUSARTModule.o (sprintf)
c:/eclipse/arduino/hardware/tools/avr/bin/../lib/gcc/avr/4.3.2/../../../../avr/lib/avr6\libc.a(vsnprintf.o)
                              D:\ProgDev\CPP\EclipseWS\freeRTOS\CEG4166_RTS_Lib\Release\libCEG4166_RTS_Lib.a(usartSerial.o) (vsnprintf)
c:/eclipse/arduino/hardware/tools/avr/bin/../lib/gcc/avr/4.3.2/../../../../avr/lib/avr6\libc.a(vsnprintf_p.o)
                              D:\ProgDev\CPP\EclipseWS\freeRTOS\CEG4166_RTS_Lib\Release\libCEG4166_RTS_Lib.a(usartSerial.o) (vsnprintf_P)
c:/eclipse/arduino/hardware/tools/avr/bin/../lib/gcc/avr/4.3.2/../../../../avr/lib/avr6\libc.a(vfprintf_std.o)
                              c:/eclipse/arduino/hardware/tools/avr/bin/../lib/gcc/avr/4.3.2/../../../../avr/lib/avr6\libc.a(sprintf.o) (vfprintf)
c:/eclipse/arduino/hardware/tools/avr/bin/../lib/gcc/avr/4.3.2/../../../../avr/lib/avr6\libc.a(strnlen_P.o)
                              c:/eclipse/arduino/hardware/tools/avr/bin/../lib/gcc/avr/4.3.2/../../../../avr/lib/avr6\libc.a(vfprintf_std.o) (strnlen_P)
c:/eclipse/arduino/hardware/tools/avr/bin/../lib/gcc/avr/4.3.2/../../../../avr/lib/avr6\libc.a(strnlen.o)
                              c:/eclipse/arduino/hardware/tools/avr/bin/../lib/gcc/avr/4.3.2/../../../../avr/lib/avr6\libc.a(vfprintf_std.o) (strnlen)
c:/eclipse/arduino/hardware/tools/avr/bin/../lib/gcc/avr/4.3.2/../../../../avr/lib/avr6\libc.a(fputc.o)
                              c:/eclipse/arduino/hardware/tools/avr/bin/../lib/gcc/avr/4.3.2/../../../../avr/lib/avr6\libc.a(vfprintf_std.o) (fputc)
c:/eclipse/arduino/hardware/tools/avr/bin/../lib/gcc/avr/4.3.2/../../../../avr/lib/avr6\libc.a(ultoa_invert.o)
                              c:/eclipse/arduino/hardware/tools/avr/bin/../lib/gcc/avr/4.3.2/../../../../avr/lib/avr6\libc.a(vfprintf_std.o) (__ultoa_invert)

Allocating common symbols
Common symbol       size              file

usartComBuf         0x74              D:\ProgDev\CPP\EclipseWS\freeRTOS\CEG4166_RTS_Lib\Release\libCEG4166_RTS_Lib.a(usartSerial.o)
buffer2             0x32              ./testUSARTModule.o
buffer              0x32              ./testUSARTModule.o
__system_time       0x4               D:/ProgDev/CPP/EclipseWS/freeRTOS/FreeRTOS801/Release/libFreeRTOS801.a(system_time.o)

Memory Configuration

Name             Origin             Length             Attributes
text             0x00000000         0x00100000         xr
data             0x00800200         0x0000fe00         rw !x
eeprom           0x00810000         0x00010000         rw !x
fuse             0x00820000         0x00000400         rw !x
lock             0x00830000         0x00000400         rw !x
signature        0x00840000         0x00000400         rw !x
*default*        0x00000000         0xffffffff

Linker script and memory map

Address of section .data set to 0x800200
LOAD c:/eclipse/arduino/hardware/tools/avr/bin/../lib/gcc/avr/4.3.2/../../../../avr/lib/avr6/crtm2560.o
LOAD ./main.o
LOAD ./testUSARTModule.o
LOAD D:/ProgDev/CPP/EclipseWS/freeRTOS/FreeRTOS801/Release/libFreeRTOS801.a
LOAD c:/eclipse/arduino/hardware/tools/avr/bin/../lib/gcc/avr/4.3.2/../../../../avr/lib/avr6\libm.a
LOAD D:\ProgDev\CPP\EclipseWS\freeRTOS\FreeRTOS801\Release\libFreeRTOS801.a
LOAD D:\ProgDev\CPP\EclipseWS\freeRTOS\CEG4166_RTS_Lib\Release\libCEG4166_RTS_Lib.a
LOAD c:/eclipse/arduino/hardware/tools/avr/bin/../lib/gcc/avr/4.3.2/avr6\libgcc.a
LOAD c:/eclipse/arduino/hardware/tools/avr/bin/../lib/gcc/avr/4.3.2/../../../../avr/lib/avr6\libc.a
LOAD c:/eclipse/arduino/hardware/tools/avr/bin/../lib/gcc/avr/4.3.2/avr6\libgcc.a

.hash
 *(.hash)

.dynsym
 *(.dynsym)

.dynstr
 *(.dynstr)

.gnu.version
 *(.gnu.version)

.gnu.version_d
 *(.gnu.version_d)

.gnu.version_r
 *(.gnu.version_r)

.rel.init
 *(.rel.init)

.rela.init
 *(.rela.init)

.rel.text
 *(.rel.text)
 *(.rel.text.*)
 *(.rel.gnu.linkonce.t*)

.rela.text
 *(.rela.text)
 *(.rela.text.*)
 *(.rela.gnu.linkonce.t*)

.rel.fini
 *(.rel.fini)

.rela.fini
 *(.rela.fini)

.rel.rodata
 *(.rel.rodata)
 *(.rel.rodata.*)
 *(.rel.gnu.linkonce.r*)

.rela.rodata
 *(.rela.rodata)
 *(.rela.rodata.*)
 *(.rela.gnu.linkonce.r*)

.rel.data
 *(.rel.data)
 *(.rel.data.*)
 *(.rel.gnu.linkonce.d*)

.rela.data
 *(.rela.data)
 *(.rela.data.*)
 *(.rela.gnu.linkonce.d*)

.rel.ctors
 *(.rel.ctors)

.rela.ctors
 *(.rela.ctors)

.rel.dtors
 *(.rel.dtors)

.rela.dtors
 *(.rela.dtors)

.rel.got
 *(.rel.got)

.rela.got
 *(.rela.got)

.rel.bss
 *(.rel.bss)

.rela.bss
 *(.rela.bss)

.rel.plt
 *(.rel.plt)

.rela.plt
 *(.rela.plt)

.text           0x00000000     0x5ef4
 *(.vectors)
 .vectors       0x00000000       0xe4 c:/eclipse/arduino/hardware/tools/avr/bin/../lib/gcc/avr/4.3.2/../../../../avr/lib/avr6/crtm2560.o
                0x00000000                __vectors
                0x00000000                __vector_default
 *(.vectors)
 *(.progmem.gcc*)
 *(.progmem*)
 .progmem.data  0x000000e4       0x41 ./main.o
 .progmem.data  0x00000125      0x309 ./testUSARTModule.o
                0x0000042e                . = ALIGN (0x2)
                0x0000042e                __trampolines_start = .
 *(.trampolines)
 .trampolines   0x0000042e        0x0 linker stubs
 *(.trampolines*)
                0x0000042e                __trampolines_end = .
 *(.jumptables)
 *(.jumptables*)
 *(.lowtext)
 .lowtext       0x0000042e      0x2e8 D:/ProgDev/CPP/EclipseWS/freeRTOS/FreeRTOS801/Release/libFreeRTOS801.a(tasks.o)
 *(.lowtext*)
                0x00000716                __ctors_start = .
 *(.ctors)
                0x00000716                __ctors_end = .
                0x00000716                __dtors_start = .
 *(.dtors)
                0x00000716                __dtors_end = .
 SORT(*)(.ctors)
 SORT(*)(.dtors)
 *(.init0)
 .init0         0x00000716        0x0 c:/eclipse/arduino/hardware/tools/avr/bin/../lib/gcc/avr/4.3.2/../../../../avr/lib/avr6/crtm2560.o
                0x00000716                __init
 *(.init0)
 *(.init1)
 *(.init1)
 *(.init2)
 .init2         0x00000716       0x10 c:/eclipse/arduino/hardware/tools/avr/bin/../lib/gcc/avr/4.3.2/../../../../avr/lib/avr6/crtm2560.o
 *(.init2)
 *(.init3)
 *(.init3)
 *(.init4)
 .init4         0x00000726       0x1c c:/eclipse/arduino/hardware/tools/avr/bin/../lib/gcc/avr/4.3.2/../../../../avr/lib/avr6/crtm2560.o
                0x00000726                __do_copy_data
 .init4         0x00000742       0x10 c:/eclipse/arduino/hardware/tools/avr/bin/../lib/gcc/avr/4.3.2/avr6\libgcc.a(_clear_bss.o)
                0x00000742                __do_clear_bss
 *(.init4)
 *(.init5)
 *(.init5)
 *(.init6)
 *(.init6)
 *(.init7)
 *(.init7)
 *(.init8)
 *(.init8)
 *(.init9)
 .init9         0x00000752        0x8 c:/eclipse/arduino/hardware/tools/avr/bin/../lib/gcc/avr/4.3.2/../../../../avr/lib/avr6/crtm2560.o
 *(.init9)
 *(.text)
 .text          0x0000075a        0x4 c:/eclipse/arduino/hardware/tools/avr/bin/../lib/gcc/avr/4.3.2/../../../../avr/lib/avr6/crtm2560.o
                0x0000075a                __vector_38
                0x0000075a                __vector_22
                0x0000075a                __vector_28
                0x0000075a                __vector_1
                0x0000075a                __vector_34
                0x0000075a                __vector_24
                0x0000075a                __vector_12
                0x0000075a                __vector_46
                0x0000075a                __bad_interrupt
                0x0000075a                __vector_6
                0x0000075a                __vector_31
                0x0000075a                __vector_35
                0x0000075a                __vector_39
                0x0000075a                __vector_3
                0x0000075a                __vector_23
                0x0000075a                __vector_30
                0x0000075a                __vector_45
                0x0000075a                __vector_11
                0x0000075a                __vector_13
                0x0000075a                __vector_17
                0x0000075a                __vector_19
                0x0000075a                __vector_56
                0x0000075a                __vector_7
                0x0000075a                __vector_49
                0x0000075a                __vector_41
                0x0000075a                __vector_43
                0x0000075a                __vector_27
                0x0000075a                __vector_5
                0x0000075a                __vector_33
                0x0000075a                __vector_47
                0x0000075a                __vector_4
                0x0000075a                __vector_44
                0x0000075a                __vector_9
                0x0000075a                __vector_2
                0x0000075a                __vector_21
                0x0000075a                __vector_15
                0x0000075a                __vector_29
                0x0000075a                __vector_40
                0x0000075a                __vector_8
                0x0000075a                __vector_48
                0x0000075a                __vector_14
                0x0000075a                __vector_53
                0x0000075a                __vector_10
                0x0000075a                __vector_50
                0x0000075a                __vector_16
                0x0000075a                __vector_18
                0x0000075a                __vector_20
                0x0000075a                __vector_42
 .text          0x0000075e        0x0 ./main.o
 .text          0x0000075e        0x0 ./testUSARTModule.o
 .text          0x0000075e        0x0 D:/ProgDev/CPP/EclipseWS/freeRTOS/FreeRTOS801/Release/libFreeRTOS801.a(heap_4.o)
 .text          0x0000075e        0x0 D:/ProgDev/CPP/EclipseWS/freeRTOS/FreeRTOS801/Release/libFreeRTOS801.a(tasks.o)
 .text          0x0000075e        0x0 D:/ProgDev/CPP/EclipseWS/freeRTOS/FreeRTOS801/Release/libFreeRTOS801.a(port.o)
 .text          0x0000075e       0x38 D:/ProgDev/CPP/EclipseWS/freeRTOS/FreeRTOS801/Release/libFreeRTOS801.a(system_tick.o)
                0x0000075e                system_tick
 .text          0x00000796        0x0 D:/ProgDev/CPP/EclipseWS/freeRTOS/FreeRTOS801/Release/libFreeRTOS801.a(system_time.o)
 .text          0x00000796        0x0 D:/ProgDev/CPP/EclipseWS/freeRTOS/FreeRTOS801/Release/libFreeRTOS801.a(list.o)
 .text          0x00000796        0x0 D:/ProgDev/CPP/EclipseWS/freeRTOS/FreeRTOS801/Release/libFreeRTOS801.a(runtTimeStatsTimer.o)
 .text          0x00000796        0x0 D:\ProgDev\CPP\EclipseWS\freeRTOS\CEG4166_RTS_Lib\Release\libCEG4166_RTS_Lib.a(usartSerial.o)
 .text          0x00000796        0x0 c:/eclipse/arduino/hardware/tools/avr/bin/../lib/gcc/avr/4.3.2/avr6\libgcc.a(_udivmodsi4.o)
 .text          0x00000796        0x0 c:/eclipse/arduino/hardware/tools/avr/bin/../lib/gcc/avr/4.3.2/avr6\libgcc.a(_prologue.o)
 .text          0x00000796        0x0 c:/eclipse/arduino/hardware/tools/avr/bin/../lib/gcc/avr/4.3.2/avr6\libgcc.a(_epilogue.o)
 .text          0x00000796        0x0 c:/eclipse/arduino/hardware/tools/avr/bin/../lib/gcc/avr/4.3.2/avr6\libgcc.a(_exit.o)
 .text          0x00000796        0x0 c:/eclipse/arduino/hardware/tools/avr/bin/../lib/gcc/avr/4.3.2/avr6\libgcc.a(_clear_bss.o)
 .text          0x00000796       0x12 c:/eclipse/arduino/hardware/tools/avr/bin/../lib/gcc/avr/4.3.2/../../../../avr/lib/avr6\libc.a(strlen_P.o)
                0x00000796                strlen_P
 .text          0x000007a8        0xe c:/eclipse/arduino/hardware/tools/avr/bin/../lib/gcc/avr/4.3.2/../../../../avr/lib/avr6\libc.a(memset.o)
                0x000007a8                memset
 .text          0x000007b6       0x48 c:/eclipse/arduino/hardware/tools/avr/bin/../lib/gcc/avr/4.3.2/../../../../avr/lib/avr6\libc.a(sprintf.o)
                0x000007b6                sprintf
 .text          0x000007fe       0x54 c:/eclipse/arduino/hardware/tools/avr/bin/../lib/gcc/avr/4.3.2/../../../../avr/lib/avr6\libc.a(vsnprintf.o)
                0x000007fe                vsnprintf
 .text          0x00000852       0x54 c:/eclipse/arduino/hardware/tools/avr/bin/../lib/gcc/avr/4.3.2/../../../../avr/lib/avr6\libc.a(vsnprintf_p.o)
                0x00000852                vsnprintf_P
 .text          0x000008a6      0x3ba c:/eclipse/arduino/hardware/tools/avr/bin/../lib/gcc/avr/4.3.2/../../../../avr/lib/avr6\libc.a(vfprintf_std.o)
                0x000008a6                vfprintf
 .text          0x00000c60       0x16 c:/eclipse/arduino/hardware/tools/avr/bin/../lib/gcc/avr/4.3.2/../../../../avr/lib/avr6\libc.a(strnlen_P.o)
                0x00000c60                strnlen_P
 .text          0x00000c76       0x16 c:/eclipse/arduino/hardware/tools/avr/bin/../lib/gcc/avr/4.3.2/../../../../avr/lib/avr6\libc.a(strnlen.o)
                0x00000c76                strnlen
 .text          0x00000c8c       0x58 c:/eclipse/arduino/hardware/tools/avr/bin/../lib/gcc/avr/4.3.2/../../../../avr/lib/avr6\libc.a(fputc.o)
                0x00000c8c                fputc
 .text          0x00000ce4       0xbc c:/eclipse/arduino/hardware/tools/avr/bin/../lib/gcc/avr/4.3.2/../../../../avr/lib/avr6\libc.a(ultoa_invert.o)
                0x00000ce4                __ultoa_invert
                0x00000da0                . = ALIGN (0x2)
 *(.text.*)
 .text.vApplicationStackOverflowHook
                0x00000da0        0x6 ./main.o
                0x00000da0                vApplicationStackOverflowHook
 .text.main     0x00000da6       0x5c ./main.o
                0x00000da6                main
 .text.runTests
                0x00000e02       0x2e ./main.o
 .text.testing2USARTS
                0x00000e30      0x196 ./testUSARTModule.o
                0x00000e30                testing2USARTS
 .text.testCase8
                0x00000fc6       0x12 ./testUSARTModule.o
                0x00000fc6                testCase8
 .text.testCase7a
                0x00000fd8       0x12 ./testUSARTModule.o
                0x00000fd8                testCase7a
 .text.testCase7b
                0x00000fea      0x1d4 ./testUSARTModule.o
                0x00000fea                testCase7b
 .text.testCase6
                0x000011be       0x2e ./testUSARTModule.o
                0x000011be                testCase6
 .text.testCase4b
                0x000011ec       0x60 ./testUSARTModule.o
                0x000011ec                testCase4b
 .text.testCase3
                0x0000124c       0x3a ./testUSARTModule.o
                0x0000124c                testCase3
 .text.testCase5
                0x00001286      0x130 ./testUSARTModule.o
                0x00001286                testCase5
 .text.testCase4a
                0x000013b6       0x38 ./testUSARTModule.o
                0x000013b6                testCase4a
 .text.testCase2b
                0x000013ee       0xe2 ./testUSARTModule.o
                0x000013ee                testCase2b
 .text.testCase1b
                0x000014d0       0xc2 ./testUSARTModule.o
                0x000014d0                testCase1b
 .text.runUSARTTestsWithInterrupts
                0x00001592       0x22 ./testUSARTModule.o
                0x00001592                runUSARTTestsWithInterrupts
 .text.testCase2a
                0x000015b4       0xe8 ./testUSARTModule.o
                0x000015b4                testCase2a
 .text.testCase1a
                0x0000169c      0x11c ./testUSARTModule.o
                0x0000169c                testCase1a
 .text.runUSARTTestsWithoutInterrupts
                0x000017b8        0xe ./testUSARTModule.o
                0x000017b8                runUSARTTestsWithoutInterrupts
 .text.hot      0x000017c6      0x2f8 D:/ProgDev/CPP/EclipseWS/freeRTOS/FreeRTOS801/Release/libFreeRTOS801.a(heap_4.o)
                0x000017c6                xPortGetFreeHeapSize
                0x000017dc                vPortFree
                0x000018c2                pvPortMalloc
                0x000017da                vPortInitialiseBlocks
                0x000017d0                xPortGetMinimumEverFreeHeapSize
 .text.hot      0x00001abe     0x3098 D:/ProgDev/CPP/EclipseWS/freeRTOS/FreeRTOS801/Release/libFreeRTOS801.a(tasks.o)
                0x000021e8                vTaskPlaceOnUnorderedEventList
                0x0000276c                vTaskGetRunTimeStats
                0x00004774                vTaskEndScheduler
                0x000022c6                vTaskPlaceOnEventList
                0x00004780                xTaskGenericCreate
                0x00001d04                uxTaskGetStackHighWaterMark
                0x0000213a                xTaskResumeFromISR
                0x00001aca                xTaskGetTickCount
                0x00001ef2                xTaskRemoveFromEventList
                0x000046aa                vTaskDelete
                0x00001b08                xTaskCheckForTimeOut
                0x00001abe                vTaskSuspendAll
                0x00001ae0                xTaskGetTickCountFromISR
                0x00001d7e                vTaskPriorityDisinherit
                0x00001de2                vTaskPriorityInherit
                0x00003dac                vTaskResume
                0x00002396                vTaskSwitchContext
                0x00001b9c                vTaskSetTaskNumber
                0x00003e38                vTaskSuspend
                0x00001aec                uxTaskGetNumberOfTasks
                0x000032ba                vTaskList
                0x00001b8e                uxTaskGetTaskNumber
                0x0000436a                vTaskDelayUntil
                0x00001d42                xTaskGetCurrentTaskHandle
                0x00001e82                xTaskRemoveFromUnorderedEventList
                0x000024f2                xTaskResumeAll
                0x0000498a                vTaskStartScheduler
                0x00001b86                vTaskMissedYield
                0x00001f84                xTaskIncrementTick
                0x0000405a                vTaskDelay
                0x00001af2                vTaskSetTimeOutState
                0x00001d4e                uxTaskResetEventItemValue
 .text.uxTaskGetSystemState
                0x00004b56      0x102 D:/ProgDev/CPP/EclipseWS/freeRTOS/FreeRTOS801/Release/libFreeRTOS801.a(tasks.o)
                0x00004b56                uxTaskGetSystemState
 .text.hot      0x00004c58      0x12a D:/ProgDev/CPP/EclipseWS/freeRTOS/FreeRTOS801/Release/libFreeRTOS801.a(port.o)
                0x00004cee                xPortStartScheduler
                0x00004d80                vPortEndScheduler
                0x00004c58                pxPortInitialiseStack
 .text.vPortYieldFromTick
                0x00004d82       0xf8 D:/ProgDev/CPP/EclipseWS/freeRTOS/FreeRTOS801/Release/libFreeRTOS801.a(port.o)
                0x00004d82                vPortYieldFromTick
 .text.__vector_32
                0x00004e7a        0x6 D:/ProgDev/CPP/EclipseWS/freeRTOS/FreeRTOS801/Release/libFreeRTOS801.a(port.o)
                0x00004e7a                __vector_32
 .text.vPortYield
                0x00004e80       0xc2 D:/ProgDev/CPP/EclipseWS/freeRTOS/FreeRTOS801/Release/libFreeRTOS801.a(port.o)
                0x00004e80                vPortYield
 .text.vListInitialise
                0x00004f42       0x20 D:/ProgDev/CPP/EclipseWS/freeRTOS/FreeRTOS801/Release/libFreeRTOS801.a(list.o)
                0x00004f42                vListInitialise
 .text.vListInitialiseItem
                0x00004f62        0x8 D:/ProgDev/CPP/EclipseWS/freeRTOS/FreeRTOS801/Release/libFreeRTOS801.a(list.o)
                0x00004f62                vListInitialiseItem
 .text.vListInsertEnd
                0x00004f6a       0x3e D:/ProgDev/CPP/EclipseWS/freeRTOS/FreeRTOS801/Release/libFreeRTOS801.a(list.o)
                0x00004f6a                vListInsertEnd
 .text.vListInsert
                0x00004fa8       0x64 D:/ProgDev/CPP/EclipseWS/freeRTOS/FreeRTOS801/Release/libFreeRTOS801.a(list.o)
                0x00004fa8                vListInsert
 .text.uxListRemove
                0x0000500c       0x56 D:/ProgDev/CPP/EclipseWS/freeRTOS/FreeRTOS801/Release/libFreeRTOS801.a(list.o)
                0x0000500c                uxListRemove
 .text.xconfigTimerForRunTimeStats
                0x00005062       0x18 D:/ProgDev/CPP/EclipseWS/freeRTOS/FreeRTOS801/Release/libFreeRTOS801.a(runtTimeStatsTimer.o)
                0x00005062                xconfigTimerForRunTimeStats
 .text.setDefaultUSART
                0x0000507a        0x6 D:\ProgDev\CPP\EclipseWS\freeRTOS\CEG4166_RTS_Lib\Release\libCEG4166_RTS_Lib.a(usartSerial.o)
                0x0000507a                setDefaultUSART
 .text.usartWrite
                0x00005080       0x52 D:\ProgDev\CPP\EclipseWS\freeRTOS\CEG4166_RTS_Lib\Release\libCEG4166_RTS_Lib.a(usartSerial.o)
                0x00005080                usartWrite
 .text.usartRead
                0x000050d2       0x5c D:\ProgDev\CPP\EclipseWS\freeRTOS\CEG4166_RTS_Lib\Release\libCEG4166_RTS_Lib.a(usartSerial.o)
                0x000050d2                usartRead
 .text.usart_xflushRx
                0x0000512e       0x82 D:\ProgDev\CPP\EclipseWS\freeRTOS\CEG4166_RTS_Lib\Release\libCEG4166_RTS_Lib.a(usartSerial.o)
                0x0000512e                usart_xflushRx
 .text.usart_AvailableCharRx
                0x000051b0       0x2a D:\ProgDev\CPP\EclipseWS\freeRTOS\CEG4166_RTS_Lib\Release\libCEG4166_RTS_Lib.a(usartSerial.o)
                0x000051b0                usart_AvailableCharRx
 .text.usart_xgetChar
                0x000051da       0x8a D:\ProgDev\CPP\EclipseWS\freeRTOS\CEG4166_RTS_Lib\Release\libCEG4166_RTS_Lib.a(usartSerial.o)
                0x000051da                usart_xgetChar
 .text.usart_xputChar
                0x00005264      0x116 D:\ProgDev\CPP\EclipseWS\freeRTOS\CEG4166_RTS_Lib\Release\libCEG4166_RTS_Lib.a(usartSerial.o)
                0x00005264                usart_xputChar
 .text.usartCheckRxComplete
                0x0000537a       0x24 D:\ProgDev\CPP\EclipseWS\freeRTOS\CEG4166_RTS_Lib\Release\libCEG4166_RTS_Lib.a(usartSerial.o)
                0x0000537a                usartCheckRxComplete
 .text.usart_rx_isr
                0x0000539e       0xd0 D:\ProgDev\CPP\EclipseWS\freeRTOS\CEG4166_RTS_Lib\Release\libCEG4166_RTS_Lib.a(usartSerial.o)
                0x0000539e                usart_rx_isr
 .text.__vector_54
                0x0000546e       0x52 D:\ProgDev\CPP\EclipseWS\freeRTOS\CEG4166_RTS_Lib\Release\libCEG4166_RTS_Lib.a(usartSerial.o)
                0x0000546e                __vector_54
 .text.__vector_51
                0x000054c0       0x52 D:\ProgDev\CPP\EclipseWS\freeRTOS\CEG4166_RTS_Lib\Release\libCEG4166_RTS_Lib.a(usartSerial.o)
                0x000054c0                __vector_51
 .text.__vector_36
                0x00005512       0x52 D:\ProgDev\CPP\EclipseWS\freeRTOS\CEG4166_RTS_Lib\Release\libCEG4166_RTS_Lib.a(usartSerial.o)
                0x00005512                __vector_36
 .text.__vector_25
                0x00005564       0x52 D:\ProgDev\CPP\EclipseWS\freeRTOS\CEG4166_RTS_Lib\Release\libCEG4166_RTS_Lib.a(usartSerial.o)
                0x00005564                __vector_25
 .text.usart_tx_isr
                0x000055b6       0xb6 D:\ProgDev\CPP\EclipseWS\freeRTOS\CEG4166_RTS_Lib\Release\libCEG4166_RTS_Lib.a(usartSerial.o)
                0x000055b6                usart_tx_isr
 .text.__vector_55
                0x0000566c       0x52 D:\ProgDev\CPP\EclipseWS\freeRTOS\CEG4166_RTS_Lib\Release\libCEG4166_RTS_Lib.a(usartSerial.o)
                0x0000566c                __vector_55
 .text.__vector_52
                0x000056be       0x52 D:\ProgDev\CPP\EclipseWS\freeRTOS\CEG4166_RTS_Lib\Release\libCEG4166_RTS_Lib.a(usartSerial.o)
                0x000056be                __vector_52
 .text.__vector_37
                0x00005710       0x52 D:\ProgDev\CPP\EclipseWS\freeRTOS\CEG4166_RTS_Lib\Release\libCEG4166_RTS_Lib.a(usartSerial.o)
                0x00005710                __vector_37
 .text.__vector_26
                0x00005762       0x52 D:\ProgDev\CPP\EclipseWS\freeRTOS\CEG4166_RTS_Lib\Release\libCEG4166_RTS_Lib.a(usartSerial.o)
                0x00005762                __vector_26
 .text.usart_xfprint_P
                0x000057b4       0x48 D:\ProgDev\CPP\EclipseWS\freeRTOS\CEG4166_RTS_Lib\Release\libCEG4166_RTS_Lib.a(usartSerial.o)
                0x000057b4                usart_xfprint_P
 .text.usart_xprint_P
                0x000057fc        0xc D:\ProgDev\CPP\EclipseWS\freeRTOS\CEG4166_RTS_Lib\Release\libCEG4166_RTS_Lib.a(usartSerial.o)
                0x000057fc                usart_xprint_P
 .text.usart_fprint_P
                0x00005808       0x8a D:\ProgDev\CPP\EclipseWS\freeRTOS\CEG4166_RTS_Lib\Release\libCEG4166_RTS_Lib.a(usartSerial.o)
                0x00005808                usart_fprint_P
 .text.usart_print_P
                0x00005892        0xc D:\ProgDev\CPP\EclipseWS\freeRTOS\CEG4166_RTS_Lib\Release\libCEG4166_RTS_Lib.a(usartSerial.o)
                0x00005892                usart_print_P
 .text.usart_xfprint
                0x0000589e       0x50 D:\ProgDev\CPP\EclipseWS\freeRTOS\CEG4166_RTS_Lib\Release\libCEG4166_RTS_Lib.a(usartSerial.o)
                0x0000589e                usart_xfprint
 .text.usart_xfprintf_P_arg
                0x000058ee       0x7a D:\ProgDev\CPP\EclipseWS\freeRTOS\CEG4166_RTS_Lib\Release\libCEG4166_RTS_Lib.a(usartSerial.o)
                0x000058ee                usart_xfprintf_P_arg
 .text.usart_xfprintf_arg
                0x00005968       0x7a D:\ProgDev\CPP\EclipseWS\freeRTOS\CEG4166_RTS_Lib\Release\libCEG4166_RTS_Lib.a(usartSerial.o)
                0x00005968                usart_xfprintf_arg
 .text.usart_xprint
                0x000059e2        0xc D:\ProgDev\CPP\EclipseWS\freeRTOS\CEG4166_RTS_Lib\Release\libCEG4166_RTS_Lib.a(usartSerial.o)
                0x000059e2                usart_xprint
 .text.usart_fprint
                0x000059ee       0x84 D:\ProgDev\CPP\EclipseWS\freeRTOS\CEG4166_RTS_Lib\Release\libCEG4166_RTS_Lib.a(usartSerial.o)
                0x000059ee                usart_fprint
 .text.usart_fprintf_P_arg
                0x00005a72       0x5c D:\ProgDev\CPP\EclipseWS\freeRTOS\CEG4166_RTS_Lib\Release\libCEG4166_RTS_Lib.a(usartSerial.o)
                0x00005a72                usart_fprintf_P_arg
 .text.usart_fprintf_arg
                0x00005ace       0x58 D:\ProgDev\CPP\EclipseWS\freeRTOS\CEG4166_RTS_Lib\Release\libCEG4166_RTS_Lib.a(usartSerial.o)
                0x00005ace                usart_fprintf_arg
 .text.usart_print
                0x00005b26        0xc D:\ProgDev\CPP\EclipseWS\freeRTOS\CEG4166_RTS_Lib\Release\libCEG4166_RTS_Lib.a(usartSerial.o)
                0x00005b26                usart_print
 .text.usart_xfprintf_P
                0x00005b32       0x20 D:\ProgDev\CPP\EclipseWS\freeRTOS\CEG4166_RTS_Lib\Release\libCEG4166_RTS_Lib.a(usartSerial.o)
                0x00005b32                usart_xfprintf_P
 .text.usart_xfprintf
                0x00005b52       0x20 D:\ProgDev\CPP\EclipseWS\freeRTOS\CEG4166_RTS_Lib\Release\libCEG4166_RTS_Lib.a(usartSerial.o)
                0x00005b52                usart_xfprintf
 .text.usart_xprintf_P
                0x00005b72       0x20 D:\ProgDev\CPP\EclipseWS\freeRTOS\CEG4166_RTS_Lib\Release\libCEG4166_RTS_Lib.a(usartSerial.o)
                0x00005b72                usart_xprintf_P
 .text.usart_xprintf
                0x00005b92       0x20 D:\ProgDev\CPP\EclipseWS\freeRTOS\CEG4166_RTS_Lib\Release\libCEG4166_RTS_Lib.a(usartSerial.o)
                0x00005b92                usart_xprintf
 .text.usart_fprintf_P
                0x00005bb2       0x20 D:\ProgDev\CPP\EclipseWS\freeRTOS\CEG4166_RTS_Lib\Release\libCEG4166_RTS_Lib.a(usartSerial.o)
                0x00005bb2                usart_fprintf_P
 .text.usart_fprintf
                0x00005bd2       0x20 D:\ProgDev\CPP\EclipseWS\freeRTOS\CEG4166_RTS_Lib\Release\libCEG4166_RTS_Lib.a(usartSerial.o)
                0x00005bd2                usart_fprintf
 .text.usart_printf_P
                0x00005bf2       0x20 D:\ProgDev\CPP\EclipseWS\freeRTOS\CEG4166_RTS_Lib\Release\libCEG4166_RTS_Lib.a(usartSerial.o)
                0x00005bf2                usart_printf_P
 .text.usart_printf
                0x00005c12       0x20 D:\ProgDev\CPP\EclipseWS\freeRTOS\CEG4166_RTS_Lib\Release\libCEG4166_RTS_Lib.a(usartSerial.o)
                0x00005c12                usart_printf
 .text.usartClose
                0x00005c32       0x82 D:\ProgDev\CPP\EclipseWS\freeRTOS\CEG4166_RTS_Lib\Release\libCEG4166_RTS_Lib.a(usartSerial.o)
                0x00005c32                usartClose
 .text.usartOpen
                0x00005cb4      0x18a D:\ProgDev\CPP\EclipseWS\freeRTOS\CEG4166_RTS_Lib\Release\libCEG4166_RTS_Lib.a(usartSerial.o)
                0x00005cb4                usartOpen
 .text.libgcc   0x00005e3e       0x44 c:/eclipse/arduino/hardware/tools/avr/bin/../lib/gcc/avr/4.3.2/avr6\libgcc.a(_udivmodsi4.o)
                0x00005e3e                __udivmodsi4
 .text.libgcc   0x00005e82       0x38 c:/eclipse/arduino/hardware/tools/avr/bin/../lib/gcc/avr/4.3.2/avr6\libgcc.a(_prologue.o)
                0x00005e82                __prologue_saves__
 .text.libgcc   0x00005eba       0x36 c:/eclipse/arduino/hardware/tools/avr/bin/../lib/gcc/avr/4.3.2/avr6\libgcc.a(_epilogue.o)
                0x00005eba                __epilogue_restores__
 .text.libgcc   0x00005ef0        0x0 c:/eclipse/arduino/hardware/tools/avr/bin/../lib/gcc/avr/4.3.2/avr6\libgcc.a(_exit.o)
 .text.libgcc   0x00005ef0        0x0 c:/eclipse/arduino/hardware/tools/avr/bin/../lib/gcc/avr/4.3.2/avr6\libgcc.a(_clear_bss.o)
                0x00005ef0                . = ALIGN (0x2)
 *(.fini9)
 .fini9         0x00005ef0        0x0 c:/eclipse/arduino/hardware/tools/avr/bin/../lib/gcc/avr/4.3.2/avr6\libgcc.a(_exit.o)
                0x00005ef0                exit
                0x00005ef0                _exit
 *(.fini9)
 *(.fini8)
 *(.fini8)
 *(.fini7)
 *(.fini7)
 *(.fini6)
 *(.fini6)
 *(.fini5)
 *(.fini5)
 *(.fini4)
 *(.fini4)
 *(.fini3)
 *(.fini3)
 *(.fini2)
 *(.fini2)
 *(.fini1)
 *(.fini1)
 *(.fini0)
 .fini0         0x00005ef0        0x4 c:/eclipse/arduino/hardware/tools/avr/bin/../lib/gcc/avr/4.3.2/avr6\libgcc.a(_exit.o)
 *(.fini0)
                0x00005ef4                _etext = .

.data           0x00800200      0x2e4 load address 0x00005ef4
                0x00800200                PROVIDE (__data_start, .)
 *(.data)
 .data          0x00800200        0x0 c:/eclipse/arduino/hardware/tools/avr/bin/../lib/gcc/avr/4.3.2/../../../../avr/lib/avr6/crtm2560.o
 .data          0x00800200        0x9 ./main.o
 .data          0x00800209      0x1f9 ./testUSARTModule.o
 .data          0x00800402        0x0 D:/ProgDev/CPP/EclipseWS/freeRTOS/FreeRTOS801/Release/libFreeRTOS801.a(heap_4.o)
 .data          0x00800402       0x35 D:/ProgDev/CPP/EclipseWS/freeRTOS/FreeRTOS801/Release/libFreeRTOS801.a(tasks.o)
 .data          0x00800437        0x0 D:/ProgDev/CPP/EclipseWS/freeRTOS/FreeRTOS801/Release/libFreeRTOS801.a(port.o)
 .data          0x00800437        0x0 D:/ProgDev/CPP/EclipseWS/freeRTOS/FreeRTOS801/Release/libFreeRTOS801.a(system_tick.o)
 .data          0x00800437        0x0 D:/ProgDev/CPP/EclipseWS/freeRTOS/FreeRTOS801/Release/libFreeRTOS801.a(system_time.o)
 .data          0x00800437        0x0 D:/ProgDev/CPP/EclipseWS/freeRTOS/FreeRTOS801/Release/libFreeRTOS801.a(list.o)
 .data          0x00800437        0x0 D:/ProgDev/CPP/EclipseWS/freeRTOS/FreeRTOS801/Release/libFreeRTOS801.a(runtTimeStatsTimer.o)
 .data          0x00800437        0x0 D:\ProgDev\CPP\EclipseWS\freeRTOS\CEG4166_RTS_Lib\Release\libCEG4166_RTS_Lib.a(usartSerial.o)
 .data          0x00800437        0x0 c:/eclipse/arduino/hardware/tools/avr/bin/../lib/gcc/avr/4.3.2/avr6\libgcc.a(_udivmodsi4.o)
 .data          0x00800437        0x0 c:/eclipse/arduino/hardware/tools/avr/bin/../lib/gcc/avr/4.3.2/avr6\libgcc.a(_prologue.o)
 .data          0x00800437        0x0 c:/eclipse/arduino/hardware/tools/avr/bin/../lib/gcc/avr/4.3.2/avr6\libgcc.a(_epilogue.o)
 .data          0x00800437        0x0 c:/eclipse/arduino/hardware/tools/avr/bin/../lib/gcc/avr/4.3.2/avr6\libgcc.a(_exit.o)
 .data          0x00800437        0x0 c:/eclipse/arduino/hardware/tools/avr/bin/../lib/gcc/avr/4.3.2/avr6\libgcc.a(_clear_bss.o)
 .data          0x00800437        0x0 c:/eclipse/arduino/hardware/tools/avr/bin/../lib/gcc/avr/4.3.2/../../../../avr/lib/avr6\libc.a(strlen_P.o)
 .data          0x00800437        0x0 c:/eclipse/arduino/hardware/tools/avr/bin/../lib/gcc/avr/4.3.2/../../../../avr/lib/avr6\libc.a(memset.o)
 .data          0x00800437        0x0 c:/eclipse/arduino/hardware/tools/avr/bin/../lib/gcc/avr/4.3.2/../../../../avr/lib/avr6\libc.a(sprintf.o)
 .data          0x00800437        0x0 c:/eclipse/arduino/hardware/tools/avr/bin/../lib/gcc/avr/4.3.2/../../../../avr/lib/avr6\libc.a(vsnprintf.o)
 .data          0x00800437        0x0 c:/eclipse/arduino/hardware/tools/avr/bin/../lib/gcc/avr/4.3.2/../../../../avr/lib/avr6\libc.a(vsnprintf_p.o)
 .data          0x00800437        0x0 c:/eclipse/arduino/hardware/tools/avr/bin/../lib/gcc/avr/4.3.2/../../../../avr/lib/avr6\libc.a(vfprintf_std.o)
 .data          0x00800437        0x0 c:/eclipse/arduino/hardware/tools/avr/bin/../lib/gcc/avr/4.3.2/../../../../avr/lib/avr6\libc.a(strnlen_P.o)
 .data          0x00800437        0x0 c:/eclipse/arduino/hardware/tools/avr/bin/../lib/gcc/avr/4.3.2/../../../../avr/lib/avr6\libc.a(strnlen.o)
 .data          0x00800437        0x0 c:/eclipse/arduino/hardware/tools/avr/bin/../lib/gcc/avr/4.3.2/../../../../avr/lib/avr6\libc.a(fputc.o)
 .data          0x00800437        0x0 c:/eclipse/arduino/hardware/tools/avr/bin/../lib/gcc/avr/4.3.2/../../../../avr/lib/avr6\libc.a(ultoa_invert.o)
 *(.data*)
 .data.longMsg  0x00800437       0x66 ./testUSARTModule.o
                0x00800437                longMsg
 .data.shortMsg
                0x0080049d       0x19 ./testUSARTModule.o
                0x0080049d                shortMsg
 .data.xMinimumEverFreeBytesRemaining
                0x008004b6        0x2 D:/ProgDev/CPP/EclipseWS/freeRTOS/FreeRTOS801/Release/libFreeRTOS801.a(heap_4.o)
 .data.xFreeBytesRemaining
                0x008004b8        0x2 D:/ProgDev/CPP/EclipseWS/freeRTOS/FreeRTOS801/Release/libFreeRTOS801.a(heap_4.o)
 .data.xNextTaskUnblockTime
                0x008004ba        0x2 D:/ProgDev/CPP/EclipseWS/freeRTOS/FreeRTOS801/Release/libFreeRTOS801.a(tasks.o)
 .data.usartReg
                0x008004bc       0x28 D:\ProgDev\CPP\EclipseWS\freeRTOS\CEG4166_RTS_Lib\Release\libCEG4166_RTS_Lib.a(usartSerial.o)
                0x008004bc                usartReg
 *(.rodata)
 *(.rodata*)
 *(.gnu.linkonce.d*)
                0x008004e4                . = ALIGN (0x2)
                0x008004e4                _edata = .
                0x008004e4                PROVIDE (__data_end, .)

.bss            0x008004e4     0x1353
                0x008004e4                PROVIDE (__bss_start, .)
 *(.bss)
 .bss           0x008004e4        0x0 c:/eclipse/arduino/hardware/tools/avr/bin/../lib/gcc/avr/4.3.2/../../../../avr/lib/avr6/crtm2560.o
 .bss           0x008004e4        0x0 ./main.o
 .bss           0x008004e4        0x0 ./testUSARTModule.o
 .bss           0x008004e4        0x0 D:/ProgDev/CPP/EclipseWS/freeRTOS/FreeRTOS801/Release/libFreeRTOS801.a(heap_4.o)
 .bss           0x008004e4        0x0 D:/ProgDev/CPP/EclipseWS/freeRTOS/FreeRTOS801/Release/libFreeRTOS801.a(tasks.o)
 .bss           0x008004e4        0x0 D:/ProgDev/CPP/EclipseWS/freeRTOS/FreeRTOS801/Release/libFreeRTOS801.a(port.o)
 .bss           0x008004e4        0x0 D:/ProgDev/CPP/EclipseWS/freeRTOS/FreeRTOS801/Release/libFreeRTOS801.a(system_tick.o)
 .bss           0x008004e4        0x0 D:/ProgDev/CPP/EclipseWS/freeRTOS/FreeRTOS801/Release/libFreeRTOS801.a(system_time.o)
 .bss           0x008004e4        0x0 D:/ProgDev/CPP/EclipseWS/freeRTOS/FreeRTOS801/Release/libFreeRTOS801.a(list.o)
 .bss           0x008004e4        0x0 D:/ProgDev/CPP/EclipseWS/freeRTOS/FreeRTOS801/Release/libFreeRTOS801.a(runtTimeStatsTimer.o)
 .bss           0x008004e4        0x0 D:\ProgDev\CPP\EclipseWS\freeRTOS\CEG4166_RTS_Lib\Release\libCEG4166_RTS_Lib.a(usartSerial.o)
 .bss           0x008004e4        0x0 c:/eclipse/arduino/hardware/tools/avr/bin/../lib/gcc/avr/4.3.2/avr6\libgcc.a(_udivmodsi4.o)
 .bss           0x008004e4        0x0 c:/eclipse/arduino/hardware/tools/avr/bin/../lib/gcc/avr/4.3.2/avr6\libgcc.a(_prologue.o)
 .bss           0x008004e4        0x0 c:/eclipse/arduino/hardware/tools/avr/bin/../lib/gcc/avr/4.3.2/avr6\libgcc.a(_epilogue.o)
 .bss           0x008004e4        0x0 c:/eclipse/arduino/hardware/tools/avr/bin/../lib/gcc/avr/4.3.2/avr6\libgcc.a(_exit.o)
 .bss           0x008004e4        0x0 c:/eclipse/arduino/hardware/tools/avr/bin/../lib/gcc/avr/4.3.2/avr6\libgcc.a(_clear_bss.o)
 .bss           0x008004e4        0x0 c:/eclipse/arduino/hardware/tools/avr/bin/../lib/gcc/avr/4.3.2/../../../../avr/lib/avr6\libc.a(strlen_P.o)
 .bss           0x008004e4        0x0 c:/eclipse/arduino/hardware/tools/avr/bin/../lib/gcc/avr/4.3.2/../../../../avr/lib/avr6\libc.a(memset.o)
 .bss           0x008004e4        0x0 c:/eclipse/arduino/hardware/tools/avr/bin/../lib/gcc/avr/4.3.2/../../../../avr/lib/avr6\libc.a(sprintf.o)
 .bss           0x008004e4        0x0 c:/eclipse/arduino/hardware/tools/avr/bin/../lib/gcc/avr/4.3.2/../../../../avr/lib/avr6\libc.a(vsnprintf.o)
 .bss           0x008004e4        0x0 c:/eclipse/arduino/hardware/tools/avr/bin/../lib/gcc/avr/4.3.2/../../../../avr/lib/avr6\libc.a(vsnprintf_p.o)
 .bss           0x008004e4        0x0 c:/eclipse/arduino/hardware/tools/avr/bin/../lib/gcc/avr/4.3.2/../../../../avr/lib/avr6\libc.a(vfprintf_std.o)
 .bss           0x008004e4        0x0 c:/eclipse/arduino/hardware/tools/avr/bin/../lib/gcc/avr/4.3.2/../../../../avr/lib/avr6\libc.a(strnlen_P.o)
 .bss           0x008004e4        0x0 c:/eclipse/arduino/hardware/tools/avr/bin/../lib/gcc/avr/4.3.2/../../../../avr/lib/avr6\libc.a(strnlen.o)
 .bss           0x008004e4        0x0 c:/eclipse/arduino/hardware/tools/avr/bin/../lib/gcc/avr/4.3.2/../../../../avr/lib/avr6\libc.a(fputc.o)
 .bss           0x008004e4        0x0 c:/eclipse/arduino/hardware/tools/avr/bin/../lib/gcc/avr/4.3.2/../../../../avr/lib/avr6\libc.a(ultoa_invert.o)
 *(.bss*)
 .bss.xBlockAllocatedBit
                0x008004e4        0x2 D:/ProgDev/CPP/EclipseWS/freeRTOS/FreeRTOS801/Release/libFreeRTOS801.a(heap_4.o)
 .bss.pxEnd     0x008004e6        0x2 D:/ProgDev/CPP/EclipseWS/freeRTOS/FreeRTOS801/Release/libFreeRTOS801.a(heap_4.o)
 .bss.ucHeap    0x008004e8     0x1200 D:/ProgDev/CPP/EclipseWS/freeRTOS/FreeRTOS801/Release/libFreeRTOS801.a(heap_4.o)
 .bss.xStart    0x008016e8        0x4 D:/ProgDev/CPP/EclipseWS/freeRTOS/FreeRTOS801/Release/libFreeRTOS801.a(heap_4.o)
 .bss.pxCurrentTCB
                0x008016ec        0x2 D:/ProgDev/CPP/EclipseWS/freeRTOS/FreeRTOS801/Release/libFreeRTOS801.a(tasks.o)
                0x008016ec                pxCurrentTCB
 .bss.uxCurrentNumberOfTasks
                0x008016ee        0x1 D:/ProgDev/CPP/EclipseWS/freeRTOS/FreeRTOS801/Release/libFreeRTOS801.a(tasks.o)
 .bss.uxTopReadyPriority
                0x008016ef        0x1 D:/ProgDev/CPP/EclipseWS/freeRTOS/FreeRTOS801/Release/libFreeRTOS801.a(tasks.o)
 .bss.xYieldPending
                0x008016f0        0x1 D:/ProgDev/CPP/EclipseWS/freeRTOS/FreeRTOS801/Release/libFreeRTOS801.a(tasks.o)
 .bss.xTickCount
                0x008016f1        0x2 D:/ProgDev/CPP/EclipseWS/freeRTOS/FreeRTOS801/Release/libFreeRTOS801.a(tasks.o)
 .bss.xNumOfOverflows
                0x008016f3        0x1 D:/ProgDev/CPP/EclipseWS/freeRTOS/FreeRTOS801/Release/libFreeRTOS801.a(tasks.o)
 .bss.uxSchedulerSuspended
                0x008016f4        0x1 D:/ProgDev/CPP/EclipseWS/freeRTOS/FreeRTOS801/Release/libFreeRTOS801.a(tasks.o)
 .bss.ulTotalRunTime
                0x008016f5        0x4 D:/ProgDev/CPP/EclipseWS/freeRTOS/FreeRTOS801/Release/libFreeRTOS801.a(tasks.o)
 .bss.ulTaskSwitchedInTime
                0x008016f9        0x4 D:/ProgDev/CPP/EclipseWS/freeRTOS/FreeRTOS801/Release/libFreeRTOS801.a(tasks.o)
 .bss.uxPendedTicks
                0x008016fd        0x1 D:/ProgDev/CPP/EclipseWS/freeRTOS/FreeRTOS801/Release/libFreeRTOS801.a(tasks.o)
 .bss.xSchedulerRunning
                0x008016fe        0x1 D:/ProgDev/CPP/EclipseWS/freeRTOS/FreeRTOS801/Release/libFreeRTOS801.a(tasks.o)
 .bss.uxTasksDeleted
                0x008016ff        0x1 D:/ProgDev/CPP/EclipseWS/freeRTOS/FreeRTOS801/Release/libFreeRTOS801.a(tasks.o)
 .bss.uxTaskNumber
                0x00801700        0x1 D:/ProgDev/CPP/EclipseWS/freeRTOS/FreeRTOS801/Release/libFreeRTOS801.a(tasks.o)
 .bss.pxReadyTasksLists
                0x00801701       0x24 D:/ProgDev/CPP/EclipseWS/freeRTOS/FreeRTOS801/Release/libFreeRTOS801.a(tasks.o)
 .bss.xDelayedTaskList1
                0x00801725        0x9 D:/ProgDev/CPP/EclipseWS/freeRTOS/FreeRTOS801/Release/libFreeRTOS801.a(tasks.o)
 .bss.xDelayedTaskList2
                0x0080172e        0x9 D:/ProgDev/CPP/EclipseWS/freeRTOS/FreeRTOS801/Release/libFreeRTOS801.a(tasks.o)
 .bss.pxDelayedTaskList
                0x00801737        0x2 D:/ProgDev/CPP/EclipseWS/freeRTOS/FreeRTOS801/Release/libFreeRTOS801.a(tasks.o)
 .bss.pxOverflowDelayedTaskList
                0x00801739        0x2 D:/ProgDev/CPP/EclipseWS/freeRTOS/FreeRTOS801/Release/libFreeRTOS801.a(tasks.o)
 .bss.xPendingReadyList
                0x0080173b        0x9 D:/ProgDev/CPP/EclipseWS/freeRTOS/FreeRTOS801/Release/libFreeRTOS801.a(tasks.o)
 .bss.xTasksWaitingTermination
                0x00801744        0x9 D:/ProgDev/CPP/EclipseWS/freeRTOS/FreeRTOS801/Release/libFreeRTOS801.a(tasks.o)
 .bss.xSuspendedTaskList
                0x0080174d        0x9 D:/ProgDev/CPP/EclipseWS/freeRTOS/FreeRTOS801/Release/libFreeRTOS801.a(tasks.o)
 .bss.portTickRateHz
                0x00801756        0x2 D:/ProgDev/CPP/EclipseWS/freeRTOS/FreeRTOS801/Release/libFreeRTOS801.a(port.o)
 .bss.ticksRemainingInSec
                0x00801758        0x2 D:/ProgDev/CPP/EclipseWS/freeRTOS/FreeRTOS801/Release/libFreeRTOS801.a(port.o)
 .bss.defaultUSART
                0x0080175a        0x1 D:\ProgDev\CPP\EclipseWS\freeRTOS\CEG4166_RTS_Lib\Release\libCEG4166_RTS_Lib.a(usartSerial.o)
                0x0080175a                defaultUSART
 *(COMMON)
 COMMON         0x0080175b       0x64 ./testUSARTModule.o
                0x0080175b                buffer2
                0x0080178d                buffer
 COMMON         0x008017bf        0x4 D:/ProgDev/CPP/EclipseWS/freeRTOS/FreeRTOS801/Release/libFreeRTOS801.a(system_time.o)
                0x008017bf                __system_time
 COMMON         0x008017c3       0x74 D:\ProgDev\CPP\EclipseWS\freeRTOS\CEG4166_RTS_Lib\Release\libCEG4166_RTS_Lib.a(usartSerial.o)
                0x008017c3                usartComBuf
                0x00801837                PROVIDE (__bss_end, .)
                0x00005ef4                __data_load_start = LOADADDR (.data)
                0x000061d8                __data_load_end = (__data_load_start + SIZEOF (.data))

.noinit         0x00801837        0x0
                0x00801837                PROVIDE (__noinit_start, .)
 *(.noinit*)
                0x00801837                PROVIDE (__noinit_end, .)
                0x00801837                _end = .
                0x00801837                PROVIDE (__heap_start, .)

.eeprom         0x00810000        0x0
 *(.eeprom*)
                0x00810000                __eeprom_end = .

.fuse
 *(.fuse)
 *(.lfuse)
 *(.hfuse)
 *(.efuse)

.lock
 *(.lock*)

.signature
 *(.signature*)

.stab
 *(.stab)

.stabstr
 *(.stabstr)

.stab.excl
 *(.stab.excl)

.stab.exclstr
 *(.stab.exclstr)

.stab.index
 *(.stab.index)

.stab.indexstr
 *(.stab.indexstr)

.comment
 *(.comment)

.debug
 *(.debug)

.line
 *(.line)

.debug_srcinfo
 *(.debug_srcinfo)

.debug_sfnames
 *(.debug_sfnames)

.debug_aranges
 *(.debug_aranges)

.debug_pubnames
 *(.debug_pubnames)

.debug_info
 *(.debug_info)
 *(.gnu.linkonce.wi.*)

.debug_abbrev
 *(.debug_abbrev)

.debug_line
 *(.debug_line)

.debug_frame
 *(.debug_frame)

.debug_str
 *(.debug_str)

.debug_loc
 *(.debug_loc)

.debug_macinfo
 *(.debug_macinfo)
OUTPUT(CEG4166RTS_TestLib.elf elf32-avr)
LOAD linker stubs
